Importer Log Report
Document: C:\conestoga\Capstone\Capstone\Hardware\EEPROM\Cap_EEPROM\Cap_EEPROM.kicad_sch
    Section : Loading Schematic - C:\conestoga\Capstone\Capstone\Hardware\EEPROM\Cap_EEPROM\Cap_EEPROM.kicad_sch
        Warning: Unknown child generator_version of kicad_sch.
        Warning: Unknown child exclude_from_sim of symbol.
        Warning: Unknown child embedded_fonts of symbol.
        Warning: Unknown child exclude_from_sim of symbol.
        Warning: Unknown child embedded_fonts of symbol.
        Warning: Unknown child exclude_from_sim of symbol.
        Warning: Unknown child hide of pin.
        Warning: Unknown child embedded_fonts of symbol.
        Warning: Unknown child exclude_from_sim of symbol.
        Warning: Unknown child embedded_fonts of symbol.
        Warning: Unknown child exclude_from_sim of symbol.
        Warning: Unknown child embedded_fonts of symbol.
        Warning: Unknown child exclude_from_sim of symbol.
        Warning: Unknown child exclude_from_sim of symbol.
        Warning: Unknown child exclude_from_sim of symbol.
        Warning: Unknown child exclude_from_sim of symbol.
        Warning: Unknown child exclude_from_sim of symbol.
        Warning: Unknown child exclude_from_sim of symbol.
        Warning: Unknown child exclude_from_sim of symbol.
        Warning: Unknown child embedded_fonts of kicad_sch.
    EndSection
    Section : Loading Schematic - C:\conestoga\Capstone\Capstone\Hardware\EEPROM\Cap_EEPROM\Cap_EEPROM.kicad_sch
        Warning: Unknown child generator_version of kicad_sch.
        Warning: Unknown child exclude_from_sim of symbol.
        Warning: Unknown child embedded_fonts of symbol.
        Warning: Unknown child exclude_from_sim of symbol.
        Warning: Unknown child embedded_fonts of symbol.
        Warning: Unknown child exclude_from_sim of symbol.
        Warning: Unknown child hide of pin.
        Warning: Unknown child embedded_fonts of symbol.
        Warning: Unknown child exclude_from_sim of symbol.
        Warning: Unknown child embedded_fonts of symbol.
        Warning: Unknown child exclude_from_sim of symbol.
        Warning: Unknown child embedded_fonts of symbol.
        Warning: Unknown child exclude_from_sim of symbol.
        Warning: Unknown child exclude_from_sim of symbol.
        Warning: Unknown child exclude_from_sim of symbol.
        Warning: Unknown child exclude_from_sim of symbol.
        Warning: Unknown child exclude_from_sim of symbol.
        Warning: Unknown child exclude_from_sim of symbol.
        Warning: Unknown child exclude_from_sim of symbol.
        Warning: Unknown child embedded_fonts of kicad_sch.
    EndSection
